This is pdfTeX, Version 3.141592653-2.6-1.40.26 (TeX Live 2025/dev/Debian) (preloaded format=pdflatex 2025.10.30)  2 NOV 2025 18:55
entering extended mode
 restricted \write18 enabled.
 %&-line parsing enabled.
**wave_by_examples
(./wave_by_examples.tex
LaTeX2e <2024-11-01> patch level 2
L3 programming layer <2025-01-18>
(/usr/share/texlive/texmf-dist/tex/latex/base/article.cls
Document Class: article 2024/06/29 v1.4n Standard LaTeX document class
(/usr/share/texlive/texmf-dist/tex/latex/base/size11.clo
File: size11.clo 2024/06/29 v1.4n Standard LaTeX file (size option)
)
\c@part=\count196
\c@section=\count197
\c@subsection=\count198
\c@subsubsection=\count199
\c@paragraph=\count266
\c@subparagraph=\count267
\c@figure=\count268
\c@table=\count269
\abovecaptionskip=\skip49
\belowcaptionskip=\skip50
\bibindent=\dimen141
)
(/usr/share/texlive/texmf-dist/tex/latex/tools/varioref.sty
Package: varioref 2024/05/23 v1.6g package for extended references (FMi)
\c@vrcnt=\count270
)
(/usr/share/texlive/texmf-dist/tex/latex/titlesec/titlesec.sty
Package: titlesec 2025/01/04 v2.17 Sectioning titles
\ttl@box=\box52
\beforetitleunit=\skip51
\aftertitleunit=\skip52
\ttl@plus=\dimen142
\ttl@minus=\dimen143
\ttl@toksa=\toks17
\titlewidth=\dimen144
\titlewidthlast=\dimen145
\titlewidthfirst=\dimen146
)
(/usr/share/texlive/texmf-dist/tex/latex/base/latexsym.sty
Package: latexsym 1998/08/17 v2.2e Standard LaTeX package (lasy symbols)
\symlasy=\mathgroup4
LaTeX Font Info:    Overwriting symbol font `lasy' in version `bold'
(Font)                  U/lasy/m/n --> U/lasy/b/n on input line 52.
)
(/usr/share/texlive/texmf-dist/tex/latex/amsfonts/amssymb.sty
Package: amssymb 2013/01/14 v3.01 AMS font symbols

(/usr/share/texlive/texmf-dist/tex/latex/amsfonts/amsfonts.sty
Package: amsfonts 2013/01/14 v3.01 Basic AMSFonts support
\@emptytoks=\toks18
\symAMSa=\mathgroup5
\symAMSb=\mathgroup6
LaTeX Font Info:    Redeclaring math symbol \hbar on input line 98.
LaTeX Font Info:    Overwriting math alphabet `\mathfrak' in version `bold'
(Font)                  U/euf/m/n --> U/euf/b/n on input line 106.
))
(/usr/share/texlive/texmf-dist/tex/latex/amsmath/amsmath.sty
Package: amsmath 2024/11/05 v2.17t AMS math features
\@mathmargin=\skip53

For additional information on amsmath, use the `?' option.
(/usr/share/texlive/texmf-dist/tex/latex/amsmath/amstext.sty
Package: amstext 2021/08/26 v2.01 AMS text

(/usr/share/texlive/texmf-dist/tex/latex/amsmath/amsgen.sty
File: amsgen.sty 1999/11/30 v2.0 generic functions
\@emptytoks=\toks19
\ex@=\dimen147
))
(/usr/share/texlive/texmf-dist/tex/latex/amsmath/amsbsy.sty
Package: amsbsy 1999/11/29 v1.2d Bold Symbols
\pmbraise@=\dimen148
)
(/usr/share/texlive/texmf-dist/tex/latex/amsmath/amsopn.sty
Package: amsopn 2022/04/08 v2.04 operator names
)
\inf@bad=\count271
LaTeX Info: Redefining \frac on input line 233.
\uproot@=\count272
\leftroot@=\count273
LaTeX Info: Redefining \overline on input line 398.
LaTeX Info: Redefining \colon on input line 409.
\classnum@=\count274
\DOTSCASE@=\count275
LaTeX Info: Redefining \ldots on input line 495.
LaTeX Info: Redefining \dots on input line 498.
LaTeX Info: Redefining \cdots on input line 619.
\Mathstrutbox@=\box53
\strutbox@=\box54
LaTeX Info: Redefining \big on input line 721.
LaTeX Info: Redefining \Big on input line 722.
LaTeX Info: Redefining \bigg on input line 723.
LaTeX Info: Redefining \Bigg on input line 724.
\big@size=\dimen149
LaTeX Font Info:    Redeclaring font encoding OML on input line 742.
LaTeX Font Info:    Redeclaring font encoding OMS on input line 743.
\macc@depth=\count276
LaTeX Info: Redefining \bmod on input line 904.
LaTeX Info: Redefining \pmod on input line 909.
LaTeX Info: Redefining \smash on input line 939.
LaTeX Info: Redefining \relbar on input line 969.
LaTeX Info: Redefining \Relbar on input line 970.
\c@MaxMatrixCols=\count277
\dotsspace@=\muskip17
\c@parentequation=\count278
\dspbrk@lvl=\count279
\tag@help=\toks20
\row@=\count280
\column@=\count281
\maxfields@=\count282
\andhelp@=\toks21
\eqnshift@=\dimen150
\alignsep@=\dimen151
\tagshift@=\dimen152
\tagwidth@=\dimen153
\totwidth@=\dimen154
\lineht@=\dimen155
\@envbody=\toks22
\multlinegap=\skip54
\multlinetaggap=\skip55
\mathdisplay@stack=\toks23
LaTeX Info: Redefining \[ on input line 2953.
LaTeX Info: Redefining \] on input line 2954.
)
(/usr/share/texlive/texmf-dist/tex/latex/fancybox/fancybox.sty
Package: fancybox 2010/05/15 1.4

Style option: `fancybox' v1.4 <2010/05/15> (tvz)
\@fancybox=\box55
\shadowsize=\dimen156
\@Sbox=\box56
\do@VerbBox=\toks24
\the@fancyput=\toks25
\this@fancyput=\toks26
\EndVerbatimTokens=\toks27
\Verbatim@Outfile=\write3
\Verbatim@Infile=\read2
) (/usr/share/texlive/texmf-dist/tex/latex/graphics/graphicx.sty
Package: graphicx 2021/09/16 v1.2d Enhanced LaTeX Graphics (DPC,SPQR)

(/usr/share/texlive/texmf-dist/tex/latex/graphics/keyval.sty
Package: keyval 2022/05/29 v1.15 key=value parser (DPC)
\KV@toks@=\toks28
)
(/usr/share/texlive/texmf-dist/tex/latex/graphics/graphics.sty
Package: graphics 2024/08/06 v1.4g Standard LaTeX Graphics (DPC,SPQR)

(/usr/share/texlive/texmf-dist/tex/latex/graphics/trig.sty
Package: trig 2023/12/02 v1.11 sin cos tan (DPC)
)
(/usr/share/texlive/texmf-dist/tex/latex/graphics-cfg/graphics.cfg
File: graphics.cfg 2016/06/04 v1.11 sample graphics configuration
)
Package graphics Info: Driver file: pdftex.def on input line 106.

(/usr/share/texlive/texmf-dist/tex/latex/graphics-def/pdftex.def
File: pdftex.def 2024/04/13 v1.2c Graphics/color driver for pdftex
))
\Gin@req@height=\dimen157
\Gin@req@width=\dimen158
)
(/usr/share/texlive/texmf-dist/tex/latex/hyperref/hyperref.sty
Package: hyperref 2024-11-05 v7.01l Hypertext links for LaTeX

(/usr/share/texlive/texmf-dist/tex/generic/iftex/iftex.sty
Package: iftex 2024/12/12 v1.0g TeX engine tests
)
(/usr/share/texlive/texmf-dist/tex/latex/kvsetkeys/kvsetkeys.sty
Package: kvsetkeys 2022-10-05 v1.19 Key value parser (HO)
)
(/usr/share/texlive/texmf-dist/tex/generic/kvdefinekeys/kvdefinekeys.sty
Package: kvdefinekeys 2019-12-19 v1.6 Define keys (HO)
)
(/usr/share/texlive/texmf-dist/tex/generic/pdfescape/pdfescape.sty
Package: pdfescape 2019/12/09 v1.15 Implements pdfTeX's escape features (HO)

(/usr/share/texlive/texmf-dist/tex/generic/ltxcmds/ltxcmds.sty
Package: ltxcmds 2023-12-04 v1.26 LaTeX kernel commands for general use (HO)
)
(/usr/share/texlive/texmf-dist/tex/generic/pdftexcmds/pdftexcmds.sty
Package: pdftexcmds 2020-06-27 v0.33 Utility functions of pdfTeX for LuaTeX (HO
)

(/usr/share/texlive/texmf-dist/tex/generic/infwarerr/infwarerr.sty
Package: infwarerr 2019/12/03 v1.5 Providing info/warning/error messages (HO)
)
Package pdftexcmds Info: \pdf@primitive is available.
Package pdftexcmds Info: \pdf@ifprimitive is available.
Package pdftexcmds Info: \pdfdraftmode found.
))
(/usr/share/texlive/texmf-dist/tex/latex/hycolor/hycolor.sty
Package: hycolor 2020-01-27 v1.10 Color options for hyperref/bookmark (HO)
)
(/usr/share/texlive/texmf-dist/tex/latex/hyperref/nameref.sty
Package: nameref 2023-11-26 v2.56 Cross-referencing by name of section

(/usr/share/texlive/texmf-dist/tex/latex/refcount/refcount.sty
Package: refcount 2019/12/15 v3.6 Data extraction from label references (HO)
)
(/usr/share/texlive/texmf-dist/tex/generic/gettitlestring/gettitlestring.sty
Package: gettitlestring 2019/12/15 v1.6 Cleanup title references (HO)

(/usr/share/texlive/texmf-dist/tex/latex/kvoptions/kvoptions.sty
Package: kvoptions 2022-06-15 v3.15 Key value format for package options (HO)
))
\c@section@level=\count283
)
(/usr/share/texlive/texmf-dist/tex/latex/etoolbox/etoolbox.sty
Package: etoolbox 2025/02/11 v2.5l e-TeX tools for LaTeX (JAW)
\etb@tempcnta=\count284
)
(/usr/share/texlive/texmf-dist/tex/generic/stringenc/stringenc.sty
Package: stringenc 2019/11/29 v1.12 Convert strings between diff. encodings (HO
)
)
\@linkdim=\dimen159
\Hy@linkcounter=\count285
\Hy@pagecounter=\count286

(/usr/share/texlive/texmf-dist/tex/latex/hyperref/pd1enc.def
File: pd1enc.def 2024-11-05 v7.01l Hyperref: PDFDocEncoding definition (HO)
Now handling font encoding PD1 ...
... no UTF-8 mapping file for font encoding PD1
)
(/usr/share/texlive/texmf-dist/tex/generic/intcalc/intcalc.sty
Package: intcalc 2019/12/15 v1.3 Expandable calculations with integers (HO)
)
\Hy@SavedSpaceFactor=\count287

(/usr/share/texlive/texmf-dist/tex/latex/hyperref/puenc.def
File: puenc.def 2024-11-05 v7.01l Hyperref: PDF Unicode definition (HO)
Now handling font encoding PU ...
... no UTF-8 mapping file for font encoding PU
)
Package hyperref Info: Hyper figures OFF on input line 4157.
Package hyperref Info: Link nesting OFF on input line 4162.
Package hyperref Info: Hyper index ON on input line 4165.
Package hyperref Info: Plain pages OFF on input line 4172.
Package hyperref Info: Backreferencing OFF on input line 4177.
Package hyperref Info: Implicit mode ON; LaTeX internals redefined.
Package hyperref Info: Bookmarks ON on input line 4424.
\c@Hy@tempcnt=\count288

(/usr/share/texlive/texmf-dist/tex/latex/url/url.sty
\Urlmuskip=\muskip18
Package: url 2013/09/16  ver 3.4  Verb mode for urls, etc.
)
LaTeX Info: Redefining \url on input line 4763.
\XeTeXLinkMargin=\dimen160

(/usr/share/texlive/texmf-dist/tex/generic/bitset/bitset.sty
Package: bitset 2019/12/09 v1.3 Handle bit-vector datatype (HO)

(/usr/share/texlive/texmf-dist/tex/generic/bigintcalc/bigintcalc.sty
Package: bigintcalc 2019/12/15 v1.5 Expandable calculations on big integers (HO
)
))
\Fld@menulength=\count289
\Field@Width=\dimen161
\Fld@charsize=\dimen162
Package hyperref Info: Hyper figures OFF on input line 6042.
Package hyperref Info: Link nesting OFF on input line 6047.
Package hyperref Info: Hyper index ON on input line 6050.
Package hyperref Info: backreferencing OFF on input line 6057.
Package hyperref Info: Link coloring OFF on input line 6062.
Package hyperref Info: Link coloring with OCG OFF on input line 6067.
Package hyperref Info: PDF/A mode OFF on input line 6072.

(/usr/share/texlive/texmf-dist/tex/latex/base/atbegshi-ltx.sty
Package: atbegshi-ltx 2021/01/10 v1.0c Emulation of the original atbegshi
package with kernel methods
)
\Hy@abspage=\count290
\c@Item=\count291
\c@Hfootnote=\count292
)
Package hyperref Info: Driver (autodetected): hpdftex.

(/usr/share/texlive/texmf-dist/tex/latex/hyperref/hpdftex.def
File: hpdftex.def 2024-11-05 v7.01l Hyperref driver for pdfTeX

(/usr/share/texlive/texmf-dist/tex/latex/base/atveryend-ltx.sty
Package: atveryend-ltx 2020/08/19 v1.0a Emulation of the original atveryend pac
kage
with kernel methods
)
\Fld@listcount=\count293
\c@bookmark@seq@number=\count294

(/usr/share/texlive/texmf-dist/tex/latex/rerunfilecheck/rerunfilecheck.sty
Package: rerunfilecheck 2022-07-10 v1.10 Rerun checks for auxiliary files (HO)

(/usr/share/texlive/texmf-dist/tex/generic/uniquecounter/uniquecounter.sty
Package: uniquecounter 2019/12/15 v1.4 Provide unlimited unique counter (HO)
)
Package uniquecounter Info: New unique counter `rerunfilecheck' on input line 2
85.
)
\Hy@SectionHShift=\skip56
)
Package hyperref Info: Option `colorlinks' set `true' on input line 18.
Package hyperref Info: Option `plainpages' set `false' on input line 18.
Package hyperref Info: Option `hypertexnames' set `false' on input line 18.

(/usr/share/texlive/texmf-dist/tex/latex/tocbibind/tocbibind.sty
Package: tocbibind 2010/10/13 v1.5k extra ToC listings
Package tocbibind Info: The document has section divisions on input line 50.


Package tocbibind Note: Using section or other style headings.

) (/usr/share/texlive/texmf-dist/tex/generic/soul/soul.sty
Package: soul 2023-06-14 v3.1 Permit use of UTF-8 characters in soul (HO)

(/usr/share/texlive/texmf-dist/tex/generic/soul/soul-ori.sty
Package: soul-ori 2023-06-14 v3.1 letterspacing/underlining (mf)
\SOUL@word=\toks29
\SOUL@lasttoken=\toks30
\SOUL@syllable=\toks31
\SOUL@cmds=\toks32
\SOUL@buffer=\toks33
\SOUL@token=\toks34
\SOUL@syllgoal=\dimen163
\SOUL@syllwidth=\dimen164
\SOUL@charkern=\dimen165
\SOUL@hyphkern=\dimen166
\SOUL@dimen=\dimen167
\SOUL@dimeni=\dimen168
\SOUL@minus=\count295
\SOUL@comma=\count296
\SOUL@apo=\count297
\SOUL@grave=\count298
\SOUL@spaceskip=\skip57
\SOUL@ttwidth=\dimen169
\SOUL@uldp=\dimen170
\SOUL@ulht=\dimen171
)
(/usr/share/texlive/texmf-dist/tex/generic/etexcmds/etexcmds.sty
Package: etexcmds 2019/12/15 v1.7 Avoid name clashes with e-TeX commands (HO)
))
(/usr/share/texlive/texmf-dist/tex/latex/epstopdf-pkg/epstopdf.sty
Package: epstopdf 2020-01-24 v2.11 Conversion with epstopdf on the fly (HO)

(/usr/share/texlive/texmf-dist/tex/latex/grfext/grfext.sty
Package: grfext 2019/12/03 v1.3 Manage graphics extensions (HO)
)
(/usr/share/texlive/texmf-dist/tex/latex/epstopdf-pkg/epstopdf-base.sty
Package: epstopdf-base 2020-01-24 v2.11 Base part for package epstopdf
Package epstopdf-base Info: Redefining graphics rule for `.eps' on input line 4
85.
Package grfext Info: Graphics extension search list:
(grfext)             [.pdf,.png,.jpg,.mps,.jpeg,.jbig2,.jb2,.PDF,.PNG,.JPG,.JPE
G,.JBIG2,.JB2,.eps]
(grfext)             \AppendGraphicsExtensions on input line 504.

(/usr/share/texlive/texmf-dist/tex/latex/latexconfig/epstopdf-sys.cfg
File: epstopdf-sys.cfg 2010/07/13 v1.3 Configuration of (r)epstopdf for TeX Liv
e
)))
(/usr/share/texlive/texmf-dist/tex/latex/psnfss/helvet.sty
Package: helvet 2020/03/25 PSNFSS-v9.3 (WaS) 
)
(/usr/share/texlive/texmf-dist/tex/latex/fancyhdr/fancyhdr.sty
Package: fancyhdr 2025/02/07 v5.2 Extensive control of page headers and footers

\f@nch@headwidth=\skip58
\f@nch@offset@elh=\skip59
\f@nch@offset@erh=\skip60
\f@nch@offset@olh=\skip61
\f@nch@offset@orh=\skip62
\f@nch@offset@elf=\skip63
\f@nch@offset@erf=\skip64
\f@nch@offset@olf=\skip65
\f@nch@offset@orf=\skip66
\f@nch@height=\skip67
\f@nch@footalignment=\skip68
\f@nch@widthL=\skip69
\f@nch@widthC=\skip70
\f@nch@widthR=\skip71
\@temptokenb=\toks35
)
(/usr/share/texmf/tex/latex/lm/lmodern.sty
Package: lmodern 2015/05/01 v1.6.1 Latin Modern Fonts
LaTeX Font Info:    Overwriting symbol font `operators' in version `normal'
(Font)                  OT1/cmr/m/n --> OT1/lmr/m/n on input line 22.
LaTeX Font Info:    Overwriting symbol font `letters' in version `normal'
(Font)                  OML/cmm/m/it --> OML/lmm/m/it on input line 23.
LaTeX Font Info:    Overwriting symbol font `symbols' in version `normal'
(Font)                  OMS/cmsy/m/n --> OMS/lmsy/m/n on input line 24.
LaTeX Font Info:    Overwriting symbol font `largesymbols' in version `normal'
(Font)                  OMX/cmex/m/n --> OMX/lmex/m/n on input line 25.
LaTeX Font Info:    Overwriting symbol font `operators' in version `bold'
(Font)                  OT1/cmr/bx/n --> OT1/lmr/bx/n on input line 26.
LaTeX Font Info:    Overwriting symbol font `letters' in version `bold'
(Font)                  OML/cmm/b/it --> OML/lmm/b/it on input line 27.
LaTeX Font Info:    Overwriting symbol font `symbols' in version `bold'
(Font)                  OMS/cmsy/b/n --> OMS/lmsy/b/n on input line 28.
LaTeX Font Info:    Overwriting symbol font `largesymbols' in version `bold'
(Font)                  OMX/cmex/m/n --> OMX/lmex/m/n on input line 29.
LaTeX Font Info:    Overwriting math alphabet `\mathbf' in version `normal'
(Font)                  OT1/cmr/bx/n --> OT1/lmr/bx/n on input line 31.
LaTeX Font Info:    Overwriting math alphabet `\mathsf' in version `normal'
(Font)                  OT1/cmss/m/n --> OT1/lmss/m/n on input line 32.
LaTeX Font Info:    Overwriting math alphabet `\mathit' in version `normal'
(Font)                  OT1/cmr/m/it --> OT1/lmr/m/it on input line 33.
LaTeX Font Info:    Overwriting math alphabet `\mathtt' in version `normal'
(Font)                  OT1/cmtt/m/n --> OT1/lmtt/m/n on input line 34.
LaTeX Font Info:    Overwriting math alphabet `\mathbf' in version `bold'
(Font)                  OT1/cmr/bx/n --> OT1/lmr/bx/n on input line 35.
LaTeX Font Info:    Overwriting math alphabet `\mathsf' in version `bold'
(Font)                  OT1/cmss/bx/n --> OT1/lmss/bx/n on input line 36.
LaTeX Font Info:    Overwriting math alphabet `\mathit' in version `bold'
(Font)                  OT1/cmr/bx/it --> OT1/lmr/bx/it on input line 37.
LaTeX Font Info:    Overwriting math alphabet `\mathtt' in version `bold'
(Font)                  OT1/cmtt/m/n --> OT1/lmtt/m/n on input line 38.
) (./mytitlepage.sty)
(/usr/share/texlive/texmf-dist/tex/latex/relsize/relsize.sty
Package: relsize 2013/03/29 ver 4.1
)
(/usr/share/texlive/texmf-dist/tex/latex/xcolor/xcolor.sty
Package: xcolor 2024/09/29 v3.02 LaTeX color extensions (UK)

(/usr/share/texlive/texmf-dist/tex/latex/graphics-cfg/color.cfg
File: color.cfg 2016/01/02 v1.6 sample color configuration
)
Package xcolor Info: Driver file: pdftex.def on input line 274.

(/usr/share/texlive/texmf-dist/tex/latex/graphics/mathcolor.ltx)
Package xcolor Info: Model `cmy' substituted by `cmy0' on input line 1349.
Package xcolor Info: Model `hsb' substituted by `rgb' on input line 1353.
Package xcolor Info: Model `RGB' extended on input line 1365.
Package xcolor Info: Model `HTML' substituted by `rgb' on input line 1367.
Package xcolor Info: Model `Hsb' substituted by `hsb' on input line 1368.
Package xcolor Info: Model `tHsb' substituted by `hsb' on input line 1369.
Package xcolor Info: Model `HSB' substituted by `hsb' on input line 1370.
Package xcolor Info: Model `Gray' substituted by `gray' on input line 1371.
Package xcolor Info: Model `wave' substituted by `hsb' on input line 1372.
)
LaTeX Font Info:    Trying to load font information for OT1+lmss on input line 
77.

(/usr/share/texmf/tex/latex/lm/ot1lmss.fd
File: ot1lmss.fd 2015/05/01 v1.6.1 Font defs for Latin Modern
)
(/usr/share/texlive/texmf-dist/tex/latex/l3backend/l3backend-pdftex.def
File: l3backend-pdftex.def 2024-05-08 L3 backend support: PDF output (pdfTeX)
\l__color_backend_stack_int=\count299
\l__pdf_internal_box=\box57
)
(./wave_by_examples.aux (./hyphenation.aux) (./abbrevs.aux) (./introduction.aux
) (./getting_started.aux) (./ex1.aux) (./ex2.aux) (./ex3.aux) (./ex4.aux)
(./ex5.aux) (./ex6.aux) (./ex7.aux) (./ex8.aux) (./ex9.aux) (./ex10.aux)
(./ex11.aux

LaTeX Warning: Label `ex11fig1' multiply defined.

) (./ex12.aux) (./ex13.aux) (./bibliography.aux))
\openout1 = `wave_by_examples.aux'.

LaTeX Font Info:    Checking defaults for OML/cmm/m/it on input line 77.
LaTeX Font Info:    ... okay on input line 77.
LaTeX Font Info:    Checking defaults for OMS/cmsy/m/n on input line 77.
LaTeX Font Info:    ... okay on input line 77.
LaTeX Font Info:    Checking defaults for OT1/cmr/m/n on input line 77.
LaTeX Font Info:    ... okay on input line 77.
LaTeX Font Info:    Checking defaults for T1/cmr/m/n on input line 77.
LaTeX Font Info:    ... okay on input line 77.
LaTeX Font Info:    Checking defaults for TS1/cmr/m/n on input line 77.
LaTeX Font Info:    ... okay on input line 77.
LaTeX Font Info:    Checking defaults for OMX/cmex/m/n on input line 77.
LaTeX Font Info:    ... okay on input line 77.
LaTeX Font Info:    Checking defaults for U/cmr/m/n on input line 77.
LaTeX Font Info:    ... okay on input line 77.
LaTeX Font Info:    Checking defaults for PD1/pdf/m/n on input line 77.
LaTeX Font Info:    ... okay on input line 77.
LaTeX Font Info:    Checking defaults for PU/pdf/m/n on input line 77.
LaTeX Font Info:    ... okay on input line 77.

(/usr/share/texlive/texmf-dist/tex/context/base/mkii/supp-pdf.mkii
[Loading MPS to PDF converter (version 2006.09.02).]
\scratchcounter=\count300
\scratchdimen=\dimen172
\scratchbox=\box58
\nofMPsegments=\count301
\nofMParguments=\count302
\everyMPshowfont=\toks36
\MPscratchCnt=\count303
\MPscratchDim=\dimen173
\MPnumerator=\count304
\makeMPintoPDFobject=\count305
\everyMPtoPDFconversion=\toks37
)
Package hyperref Info: Link coloring ON on input line 77.
 (./wave_by_examples.out) (./wave_by_examples.out)
\@outlinefile=\write4
\openout4 = `wave_by_examples.out'.



[1

{/var/lib/texmf/fonts/map/pdftex/updmap/pdftex.map}{/usr/share/texmf/fonts/enc/
dvips/lm/lm-rm.enc}] (./wave_by_examples.toc
LaTeX Font Info:    Trying to load font information for OT1+lmr on input line 3
.

(/usr/share/texmf/tex/latex/lm/ot1lmr.fd
File: ot1lmr.fd 2015/05/01 v1.6.1 Font defs for Latin Modern
)
LaTeX Font Info:    Trying to load font information for OML+lmm on input line 3
.

(/usr/share/texmf/tex/latex/lm/omllmm.fd
File: omllmm.fd 2015/05/01 v1.6.1 Font defs for Latin Modern
)
LaTeX Font Info:    Trying to load font information for OMS+lmsy on input line 
3.

(/usr/share/texmf/tex/latex/lm/omslmsy.fd
File: omslmsy.fd 2015/05/01 v1.6.1 Font defs for Latin Modern
)
LaTeX Font Info:    Trying to load font information for OMX+lmex on input line 
3.

(/usr/share/texmf/tex/latex/lm/omxlmex.fd
File: omxlmex.fd 2015/05/01 v1.6.1 Font defs for Latin Modern
)
LaTeX Font Info:    External font `lmex10' loaded for size
(Font)              <10.95> on input line 3.
LaTeX Font Info:    External font `lmex10' loaded for size
(Font)              <8> on input line 3.
LaTeX Font Info:    External font `lmex10' loaded for size
(Font)              <6> on input line 3.
LaTeX Font Info:    Trying to load font information for U+lasy on input line 3.


(/usr/share/texlive/texmf-dist/tex/latex/base/ulasy.fd
File: ulasy.fd 1998/08/17 v2.2e LaTeX symbol font definitions
)
LaTeX Font Info:    Trying to load font information for U+msa on input line 3.

(/usr/share/texlive/texmf-dist/tex/latex/amsfonts/umsa.fd
File: umsa.fd 2013/01/14 v3.01 AMS symbols A
)
LaTeX Font Info:    Trying to load font information for U+msb on input line 3.

(/usr/share/texlive/texmf-dist/tex/latex/amsfonts/umsb.fd
File: umsb.fd 2013/01/14 v3.01 AMS symbols B
)
LaTeX Font Info:    Font shape `OT1/lmss/m/it' in size <10.95> not available
(Font)              Font shape `OT1/lmss/m/sl' tried instead on input line 5.
LaTeX Font Info:    Font shape `OT1/lmss/m/it' in size <8> not available
(Font)              Font shape `OT1/lmss/m/sl' tried instead on input line 5.
LaTeX Font Info:    Font shape `OT1/lmss/bx/it' in size <8> not available
(Font)              Font shape `OT1/lmss/bx/sl' tried instead on input line 5.
LaTeX Font Info:    Font shape `OT1/lmss/bx/it' in size <10.95> not available
(Font)              Font shape `OT1/lmss/bx/sl' tried instead on input line 6.


[1])
\tf@toc=\write5
\openout5 = `wave_by_examples.toc'.




Package fancyhdr Warning: \headheight is too small (12.0pt): 
(fancyhdr)                Make it at least 13.59999pt, for example:
(fancyhdr)                \setlength{\headheight}{13.59999pt}.
(fancyhdr)                You might also make \topmargin smaller:
(fancyhdr)                \addtolength{\topmargin}{-1.59999pt}.

[2]
\openout2 = `hyphenation.aux'.

 (./hyphenation.tex)
\openout2 = `abbrevs.aux'.

 (./abbrevs.tex)
\openout2 = `introduction.aux'.

 (./introduction.tex
LaTeX Font Info:    Font shape `OT1/lmss/bx/it' in size <9> not available
(Font)              Font shape `OT1/lmss/bx/sl' tried instead on input line 15.

LaTeX Font Info:    Trying to load font information for TS1+lmss on input line 
15.

(/usr/share/texmf/tex/latex/lm/ts1lmss.fd
File: ts1lmss.fd 2015/05/01 v1.6.1 Font defs for Latin Modern
)
LaTeX Font Info:    Font shape `TS1/lmss/bx/it' in size <9> not available
(Font)              Font shape `TS1/lmss/bx/sl' tried instead on input line 15.

)


Package fancyhdr Warning: \headheight is too small (12.0pt): 
(fancyhdr)                Make it at least 13.59999pt, for example:
(fancyhdr)                \setlength{\headheight}{13.59999pt}.
(fancyhdr)                You might also make \topmargin smaller:
(fancyhdr)                \addtolength{\topmargin}{-1.59999pt}.

[3







{/usr/share/texmf/fonts/enc/dvips/lm/lm-ts1.enc}]
\openout2 = `getting_started.aux'.

 (./getting_started.tex
LaTeX Font Info:    Font shape `OT1/lmss/m/it' in size <9> not available
(Font)              Font shape `OT1/lmss/m/sl' tried instead on input line 13.
LaTeX Font Info:    Font shape `TS1/lmss/m/it' in size <9> not available
(Font)              Font shape `TS1/lmss/m/sl' tried instead on input line 13.

Underfull \hbox (badness 10000) in paragraph at lines 30--31

 []

<pics/wave_run.png, id=143, 1234.6125pt x 472.76625pt>
File: pics/wave_run.png Graphic file (type png)
<use pics/wave_run.png>
Package pdftex.def Info: pics/wave_run.png  used on input line 42.
(pdftex.def)             Requested size: 341.43306pt x 130.74332pt.



Package fancyhdr Warning: \headheight is too small (12.0pt): 
(fancyhdr)                Make it at least 13.59999pt, for example:
(fancyhdr)                \setlength{\headheight}{13.59999pt}.
(fancyhdr)                You might also make \topmargin smaller:
(fancyhdr)                \addtolength{\topmargin}{-1.59999pt}.

[4



{/usr/share/texmf/fonts/enc/dvips/lm/lm-mathsy.enc}{/usr/share/texmf/fonts/enc/
dvips/lm/lm-mathit.enc} <./pics/wave_run.png>]
LaTeX Font Info:    Font shape `OT1/lmss/bx/it' in size <12> not available
(Font)              Font shape `OT1/lmss/bx/sl' tried instead on input line 93.



Package hyperref Warning: Token not allowed in a PDF string (Unicode):
(hyperref)                removing `\@ifnextchar' on input line 93.


Package hyperref Warning: Token not allowed in a PDF string (Unicode):
(hyperref)                removing `\textsmaller ' on input line 93.

<pics/waveshop_gsfig1.png, id=157, 1164.35pt x 717.68124pt>
File: pics/waveshop_gsfig1.png Graphic file (type png)
<use pics/waveshop_gsfig1.png>
Package pdftex.def Info: pics/waveshop_gsfig1.png  used on input line 112.
(pdftex.def)             Requested size: 432.48048pt x 266.56729pt.



Package fancyhdr Warning: \headheight is too small (12.0pt): 
(fancyhdr)                Make it at least 13.59999pt, for example:
(fancyhdr)                \setlength{\headheight}{13.59999pt}.
(fancyhdr)                You might also make \topmargin smaller:
(fancyhdr)                \addtolength{\topmargin}{-1.59999pt}.

[5]

Package hyperref Warning: Token not allowed in a PDF string (Unicode):
(hyperref)                removing `\@ifnextchar' on input line 120.


Package hyperref Warning: Token not allowed in a PDF string (Unicode):
(hyperref)                removing `\@ifnextchar' on input line 120.

<pics/ex1_wave_in.png, id=163, 803.0pt x 481.8pt>
File: pics/ex1_wave_in.png Graphic file (type png)
<use pics/ex1_wave_in.png>
Package pdftex.def Info: pics/ex1_wave_in.png  used on input line 128.
(pdftex.def)             Requested size: 318.66946pt x 191.20213pt.



Package fancyhdr Warning: \headheight is too small (12.0pt): 
(fancyhdr)                Make it at least 13.59999pt, for example:
(fancyhdr)                \setlength{\headheight}{13.59999pt}.
(fancyhdr)                You might also make \topmargin smaller:
(fancyhdr)                \addtolength{\topmargin}{-1.59999pt}.

[6 <./pics/waveshop_gsfig1.png>]
LaTeX Font Info:    Font shape `OT1/lmss/bx/it' in size <10> not available
(Font)              Font shape `OT1/lmss/bx/sl' tried instead on input line 155
.
<pics/ellipn.png, id=171, 827.09pt x 669.50125pt>
File: pics/ellipn.png Graphic file (type png)
<use pics/ellipn.png>
Package pdftex.def Info: pics/ellipn.png  used on input line 163.
(pdftex.def)             Requested size: 318.66946pt x 257.95798pt.



Package fancyhdr Warning: \headheight is too small (12.0pt): 
(fancyhdr)                Make it at least 13.59999pt, for example:
(fancyhdr)                \setlength{\headheight}{13.59999pt}.
(fancyhdr)                You might also make \topmargin smaller:
(fancyhdr)                \addtolength{\topmargin}{-1.59999pt}.

[7 <./pics/ex1_wave_in.png> <./pics/ellipn.png>])


Package fancyhdr Warning: \headheight is too small (12.0pt): 
(fancyhdr)                Make it at least 13.59999pt, for example:
(fancyhdr)                \setlength{\headheight}{13.59999pt}.
(fancyhdr)                You might also make \topmargin smaller:
(fancyhdr)                \addtolength{\topmargin}{-1.59999pt}.

[8]
\openout2 = `ex1.aux'.

 (./ex1.tex
LaTeX Font Info:    Font shape `TS1/lmss/bx/it' in size <10.95> not available
(Font)              Font shape `TS1/lmss/bx/sl' tried instead on input line 11.

<pics/halbasy_undulator.png, id=183, 1927.2pt x 1084.05pt>
File: pics/halbasy_undulator.png Graphic file (type png)
<use pics/halbasy_undulator.png>
Package pdftex.def Info: pics/halbasy_undulator.png  used on input line 46.
(pdftex.def)             Requested size: 273.14922pt x 153.63512pt.



Package fancyhdr Warning: \headheight is too small (12.0pt): 
(fancyhdr)                Make it at least 13.59999pt, for example:
(fancyhdr)                \setlength{\headheight}{13.59999pt}.
(fancyhdr)                You might also make \topmargin smaller:
(fancyhdr)                \addtolength{\topmargin}{-1.59999pt}.

[9



]
<pics/ex1fig3_overview.png, id=191, 1927.2pt x 1084.05pt>
File: pics/ex1fig3_overview.png Graphic file (type png)
<use pics/ex1fig3_overview.png>
Package pdftex.def Info: pics/ex1fig3_overview.png  used on input line 96.
(pdftex.def)             Requested size: 409.71689pt x 230.45268pt.
<pics/ex1_wave_out.png, id=192, 807.015pt x 506.89375pt>
File: pics/ex1_wave_out.png Graphic file (type png)
<use pics/ex1_wave_out.png>
Package pdftex.def Info: pics/ex1_wave_out.png  used on input line 113.
(pdftex.def)             Requested size: 409.71689pt x 257.34447pt.



Package fancyhdr Warning: \headheight is too small (12.0pt): 
(fancyhdr)                Make it at least 13.59999pt, for example:
(fancyhdr)                \setlength{\headheight}{13.59999pt}.
(fancyhdr)                You might also make \topmargin smaller:
(fancyhdr)                \addtolength{\topmargin}{-1.59999pt}.

[10 <./pics/halbasy_undulator.png>])


Package fancyhdr Warning: \headheight is too small (12.0pt): 
(fancyhdr)                Make it at least 13.59999pt, for example:
(fancyhdr)                \setlength{\headheight}{13.59999pt}.
(fancyhdr)                You might also make \topmargin smaller:
(fancyhdr)                \addtolength{\topmargin}{-1.59999pt}.

[11 <./pics/ex1fig3_overview.png> <./pics/ex1_wave_out.png>]
\openout2 = `ex2.aux'.

 (./ex2.tex
Underfull \hbox (badness 10000) in paragraph at lines 8--13
[]\OT1/lmss/m/n/10.95 We start from [][]\TS1/lmss/bx/sl/9 $\OT1/lmss/bx/sl/9 WA
VE[]\OT1/lmss/bx/sl/10.95 /input/wave.examples [] [][]\OT1/lmss/m/n/10.95 and u
se the python script
 []

<pics/wave_example_2_py.png, id=205, 959.585pt x 256.96pt>
File: pics/wave_example_2_py.png Graphic file (type png)
<use pics/wave_example_2_py.png>
Package pdftex.def Info: pics/wave_example_2_py.png  used on input line 17.
(pdftex.def)             Requested size: 409.71689pt x 109.7143pt.

Underfull \hbox (badness 10000) in paragraph at lines 34--36

 []

<pics/trajectory_ex2.png, id=207, 1007.765pt x 729.72626pt>
File: pics/trajectory_ex2.png Graphic file (type png)
<use pics/trajectory_ex2.png>
Package pdftex.def Info: pics/trajectory_ex2.png  used on input line 58.
(pdftex.def)             Requested size: 318.66946pt x 230.74463pt.



Package fancyhdr Warning: \headheight is too small (12.0pt): 
(fancyhdr)                Make it at least 13.59999pt, for example:
(fancyhdr)                \setlength{\headheight}{13.59999pt}.
(fancyhdr)                You might also make \topmargin smaller:
(fancyhdr)                \addtolength{\topmargin}{-1.59999pt}.

[12



 <./pics/wave_example_2_py.png>]
Underfull \hbox (badness 10000) in paragraph at lines 82--83

 []

<pics/ex2_xinter.png, id=216, 807.015pt x 506.89375pt>
File: pics/ex2_xinter.png Graphic file (type png)
<use pics/ex2_xinter.png>
Package pdftex.def Info: pics/ex2_xinter.png  used on input line 90.
(pdftex.def)             Requested size: 364.19664pt x 228.75752pt.

Underfull \hbox (badness 10000) in paragraph at lines 121--123

 []


Underfull \vbox (badness 1968) has occurred while \output is active []




Package fancyhdr Warning: \headheight is too small (12.0pt): 
(fancyhdr)                Make it at least 13.59999pt, for example:
(fancyhdr)                \setlength{\headheight}{13.59999pt}.
(fancyhdr)                You might also make \topmargin smaller:
(fancyhdr)                \addtolength{\topmargin}{-1.59999pt}.

[13 <./pics/trajectory_ex2.png>]
Underfull \hbox (badness 10000) in paragraph at lines 126--128

 []


Underfull \vbox (badness 10000) has occurred while \output is active []




Package fancyhdr Warning: \headheight is too small (12.0pt): 
(fancyhdr)                Make it at least 13.59999pt, for example:
(fancyhdr)                \setlength{\headheight}{13.59999pt}.
(fancyhdr)                You might also make \topmargin smaller:
(fancyhdr)                \addtolength{\topmargin}{-1.59999pt}.

[14 <./pics/ex2_xinter.png>]
<pics/ex2_xinter_0.pdf, id=229, 505.89pt x 406.15741pt>
File: pics/ex2_xinter_0.pdf Graphic file (type pdf)
<use pics/ex2_xinter_0.pdf>
Package pdftex.def Info: pics/ex2_xinter_0.pdf  used on input line 167.
(pdftex.def)             Requested size: 318.66946pt x 255.84953pt.
)


Package fancyhdr Warning: \headheight is too small (12.0pt): 
(fancyhdr)                Make it at least 13.59999pt, for example:
(fancyhdr)                \setlength{\headheight}{13.59999pt}.
(fancyhdr)                You might also make \topmargin smaller:
(fancyhdr)                \addtolength{\topmargin}{-1.59999pt}.

[15 <./pics/ex2_xinter_0.pdf>]
\openout2 = `ex3.aux'.

 (./ex3.tex
<pics/gut-spect-1a.pdf, id=292, 630.355pt x 317.185pt>
File: pics/gut-spect-1a.pdf Graphic file (type pdf)
<use pics/gut-spect-1a.pdf>
Package pdftex.def Info: pics/gut-spect-1a.pdf  used on input line 16.
(pdftex.def)             Requested size: 364.19664pt x 183.26079pt.
LaTeX Font Info:    Font shape `TS1/lmss/bx/it' in size <10> not available
(Font)              Font shape `TS1/lmss/bx/sl' tried instead on input line 28.


Underfull \hbox (badness 10000) in paragraph at lines 28--29

 []


Overfull \hbox (26.22864pt too wide) in paragraph at lines 37--37
 [][][] 
 []


Underfull \hbox (badness 10000) in paragraph at lines 45--47

 []




Package fancyhdr Warning: \headheight is too small (12.0pt): 
(fancyhdr)                Make it at least 13.59999pt, for example:
(fancyhdr)                \setlength{\headheight}{13.59999pt}.
(fancyhdr)                You might also make \topmargin smaller:
(fancyhdr)                \addtolength{\topmargin}{-1.59999pt}.

[16



 <./pics/gut-spect-1a.pdf>]
Underfull \hbox (badness 10000) in paragraph at lines 55--58

 []


Underfull \hbox (badness 10000) in paragraph at lines 65--67

 []

<pics/wave_example_3_range_2.png, id=302, 602.25pt x 251.94125pt>
File: pics/wave_example_3_range_2.png Graphic file (type png)
<use pics/wave_example_3_range_2.png>
Package pdftex.def Info: pics/wave_example_3_range_2.png  used on input line 81
.
(pdftex.def)             Requested size: 318.66946pt x 133.31294pt.

Underfull \hbox (badness 10000) in paragraph at lines 90--91

 []

<pics/ex3_wls_undulatormode_overview.pdf, id=303, 722.7pt x 481.31819pt>
File: pics/ex3_wls_undulatormode_overview.pdf Graphic file (type pdf)
<use pics/ex3_wls_undulatormode_overview.pdf>
Package pdftex.def Info: pics/ex3_wls_undulatormode_overview.pdf  used on input
 line 96.
(pdftex.def)             Requested size: 318.66946pt x 212.23601pt.



Package fancyhdr Warning: \headheight is too small (12.0pt): 
(fancyhdr)                Make it at least 13.59999pt, for example:
(fancyhdr)                \setlength{\headheight}{13.59999pt}.
(fancyhdr)                You might also make \topmargin smaller:
(fancyhdr)                \addtolength{\topmargin}{-1.59999pt}.

[17 <./pics/wave_example_3_range_2.png>]
Underfull \hbox (badness 10000) in paragraph at lines 123--124

 []


Underfull \vbox (badness 10000) has occurred while \output is active []




Package fancyhdr Warning: \headheight is too small (12.0pt): 
(fancyhdr)                Make it at least 13.59999pt, for example:
(fancyhdr)                \setlength{\headheight}{13.59999pt}.
(fancyhdr)                You might also make \topmargin smaller:
(fancyhdr)                \addtolength{\topmargin}{-1.59999pt}.

[18 <./pics/ex3_wls_undulatormode_overview.pdf>]
<pics/ex3_wls_undulatormode_a.png, id=390, 1156.32pt x 683.55376pt>
File: pics/ex3_wls_undulatormode_a.png Graphic file (type png)
<use pics/ex3_wls_undulatormode_a.png>
Package pdftex.def Info: pics/ex3_wls_undulatormode_a.png  used on input line 1
52.
(pdftex.def)             Requested size: 318.66946pt x 188.37943pt.
<pics/wave_example_3_wiggler.png, id=391, 1156.32pt x 717.68124pt>
File: pics/wave_example_3_wiggler.png Graphic file (type png)
<use pics/wave_example_3_wiggler.png>
Package pdftex.def Info: pics/wave_example_3_wiggler.png  used on input line 18
0.
(pdftex.def)             Requested size: 318.66946pt x 197.78456pt.



Package fancyhdr Warning: \headheight is too small (12.0pt): 
(fancyhdr)                Make it at least 13.59999pt, for example:
(fancyhdr)                \setlength{\headheight}{13.59999pt}.
(fancyhdr)                You might also make \topmargin smaller:
(fancyhdr)                \addtolength{\topmargin}{-1.59999pt}.

[19 <./pics/ex3_wls_undulatormode_a.png>]
<pics/wave_example_3_sources.png, id=399, 1156.32pt x 683.55376pt>
File: pics/wave_example_3_sources.png Graphic file (type png)
<use pics/wave_example_3_sources.png>
Package pdftex.def Info: pics/wave_example_3_sources.png  used on input line 20
4.
(pdftex.def)             Requested size: 318.66946pt x 188.37943pt.



Package fancyhdr Warning: \headheight is too small (12.0pt): 
(fancyhdr)                Make it at least 13.59999pt, for example:
(fancyhdr)                \setlength{\headheight}{13.59999pt}.
(fancyhdr)                You might also make \topmargin smaller:
(fancyhdr)                \addtolength{\topmargin}{-1.59999pt}.

[20 <./pics/wave_example_3_wiggler.png> <./pics/wave_example_3_sources.png>])


Package fancyhdr Warning: \headheight is too small (12.0pt): 
(fancyhdr)                Make it at least 13.59999pt, for example:
(fancyhdr)                \setlength{\headheight}{13.59999pt}.
(fancyhdr)                You might also make \topmargin smaller:
(fancyhdr)                \addtolength{\topmargin}{-1.59999pt}.

[21]
\openout2 = `ex4.aux'.

 (./ex4.tex
LaTeX Font Info:    External font `lmex10' loaded for size
(Font)              <9> on input line 9.
LaTeX Font Info:    External font `lmex10' loaded for size
(Font)              <5> on input line 9.
LaTeX Font Info:    Font shape `TS1/lmss/bx/it' in size <8> not available
(Font)              Font shape `TS1/lmss/bx/sl' tried instead on input line 25.


Underfull \hbox (badness 10000) in paragraph at lines 27--29

 []

<pics/wave_example_4_recplotm_1.pdf, id=415, 577.15625pt x 577.15625pt>
File: pics/wave_example_4_recplotm_1.pdf Graphic file (type pdf)
<use pics/wave_example_4_recplotm_1.pdf>
Package pdftex.def Info: pics/wave_example_4_recplotm_1.pdf  used on input line
 33.
(pdftex.def)             Requested size: 364.19664pt x 364.20921pt.

Underfull \hbox (badness 10000) in paragraph at lines 39--42

 []




Package fancyhdr Warning: \headheight is too small (12.0pt): 
(fancyhdr)                Make it at least 13.59999pt, for example:
(fancyhdr)                \setlength{\headheight}{13.59999pt}.
(fancyhdr)                You might also make \topmargin smaller:
(fancyhdr)                \addtolength{\topmargin}{-1.59999pt}.

[22



 <./pics/wave_example_4_recplotm_1.pdf>]
Underfull \hbox (badness 10000) in paragraph at lines 44--45

 []


Underfull \hbox (badness 10000) in paragraph at lines 46--47

 []


Underfull \hbox (badness 10000) in paragraph at lines 55--56

 []

<pics/wave_example_4_recplotm_2.pdf, id=435, 577.15625pt x 577.15625pt>
File: pics/wave_example_4_recplotm_2.pdf Graphic file (type pdf)
<use pics/wave_example_4_recplotm_2.pdf>
Package pdftex.def Info: pics/wave_example_4_recplotm_2.pdf  used on input line
 61.
(pdftex.def)             Requested size: 364.19664pt x 364.20921pt.

Underfull \hbox (badness 10000) in paragraph at lines 72--74

 []

<pics/wave_example_4_overview.pdf, id=437, 722.7pt x 481.31819pt>
File: pics/wave_example_4_overview.pdf Graphic file (type pdf)
<use pics/wave_example_4_overview.pdf>
Package pdftex.def Info: pics/wave_example_4_overview.pdf  used on input line 7
9.
(pdftex.def)             Requested size: 318.66946pt x 212.23601pt.



Package fancyhdr Warning: \headheight is too small (12.0pt): 
(fancyhdr)                Make it at least 13.59999pt, for example:
(fancyhdr)                \setlength{\headheight}{13.59999pt}.
(fancyhdr)                You might also make \topmargin smaller:
(fancyhdr)                \addtolength{\topmargin}{-1.59999pt}.

[23 <./pics/wave_example_4_recplotm_2.pdf>])


Package fancyhdr Warning: \headheight is too small (12.0pt): 
(fancyhdr)                Make it at least 13.59999pt, for example:
(fancyhdr)                \setlength{\headheight}{13.59999pt}.
(fancyhdr)                You might also make \topmargin smaller:
(fancyhdr)                \addtolength{\topmargin}{-1.59999pt}.

[24 <./pics/wave_example_4_overview.pdf>]
\openout2 = `ex5.aux'.

 (./ex5.tex
Underfull \hbox (badness 10000) in paragraph at lines 14--15

 []


Underfull \hbox (badness 10000) in paragraph at lines 23--26

 []


Underfull \hbox (badness 10000) in paragraph at lines 31--38

 []

<pics/wave_example_5_wave_adjust.png, id=533, 1037.8775pt x 508.90125pt>
File: pics/wave_example_5_wave_adjust.png Graphic file (type png)
<use pics/wave_example_5_wave_adjust.png>
Package pdftex.def Info: pics/wave_example_5_wave_adjust.png  used on input lin
e 42.
(pdftex.def)             Requested size: 364.19664pt x 178.57625pt.

Underfull \hbox (badness 10000) in paragraph at lines 47--52

 []

<pics/wave_example_5_wave_adjust_py.png, id=535, 831.105pt x 1082.0425pt>
File: pics/wave_example_5_wave_adjust_py.png Graphic file (type png)
<use pics/wave_example_5_wave_adjust_py.png>
Package pdftex.def Info: pics/wave_example_5_wave_adjust_py.png  used on input 
line 56.
(pdftex.def)             Requested size: 364.19664pt x 474.15192pt.



Package fancyhdr Warning: \headheight is too small (12.0pt): 
(fancyhdr)                Make it at least 13.59999pt, for example:
(fancyhdr)                \setlength{\headheight}{13.59999pt}.
(fancyhdr)                You might also make \topmargin smaller:
(fancyhdr)                \addtolength{\topmargin}{-1.59999pt}.

[25



 <./pics/wave_example_5_wave_adjust.png>]
Underfull \vbox (badness 5446) has occurred while \output is active []




Package fancyhdr Warning: \headheight is too small (12.0pt): 
(fancyhdr)                Make it at least 13.59999pt, for example:
(fancyhdr)                \setlength{\headheight}{13.59999pt}.
(fancyhdr)                You might also make \topmargin smaller:
(fancyhdr)                \addtolength{\topmargin}{-1.59999pt}.

[26 <./pics/wave_example_5_wave_adjust_py.png>]
Underfull \hbox (badness 10000) in paragraph at lines 87--88

 []

<pics/wave_adjust_mc.pdf, id=550, 505.89pt x 406.15741pt>
File: pics/wave_adjust_mc.pdf Graphic file (type pdf)
<use pics/wave_adjust_mc.pdf>
Package pdftex.def Info: pics/wave_adjust_mc.pdf  used on input line 97.
(pdftex.def)             Requested size: 318.66946pt x 255.84953pt.

Underfull \hbox (badness 10000) in paragraph at lines 115--116

 []


Underfull \hbox (badness 10000) in paragraph at lines 117--118

 []


Underfull \vbox (badness 10000) has occurred while \output is active []




Package fancyhdr Warning: \headheight is too small (12.0pt): 
(fancyhdr)                Make it at least 13.59999pt, for example:
(fancyhdr)                \setlength{\headheight}{13.59999pt}.
(fancyhdr)                You might also make \topmargin smaller:
(fancyhdr)                \addtolength{\topmargin}{-1.59999pt}.

[27 <./pics/wave_adjust_mc.pdf>])


Package fancyhdr Warning: \headheight is too small (12.0pt): 
(fancyhdr)                Make it at least 13.59999pt, for example:
(fancyhdr)                \setlength{\headheight}{13.59999pt}.
(fancyhdr)                You might also make \topmargin smaller:
(fancyhdr)                \addtolength{\topmargin}{-1.59999pt}.

[28]
\openout2 = `ex6.aux'.

 (./ex6.tex
Underfull \hbox (badness 10000) in paragraph at lines 3--7

 []


Underfull \hbox (badness 10000) in paragraph at lines 22--26

 []

<pics/wave_example_6_hvcut.pdf, id=602, 657.94153pt x 480.685pt>
File: pics/wave_example_6_hvcut.pdf Graphic file (type pdf)
<use pics/wave_example_6_hvcut.pdf>
Package pdftex.def Info: pics/wave_example_6_hvcut.pdf  used on input line 58.
(pdftex.def)             Requested size: 273.14922pt x 199.5539pt.

Underfull \hbox (badness 10000) in paragraph at lines 65--68

 []


Underfull \hbox (badness 10000) in paragraph at lines 75--75

 []


Underfull \vbox (badness 10000) has occurred while \output is active []




Package fancyhdr Warning: \headheight is too small (12.0pt): 
(fancyhdr)                Make it at least 13.59999pt, for example:
(fancyhdr)                \setlength{\headheight}{13.59999pt}.
(fancyhdr)                You might also make \topmargin smaller:
(fancyhdr)                \addtolength{\topmargin}{-1.59999pt}.

[29



]
Underfull \hbox (badness 10000) in paragraph at lines 84--85

 []


Underfull \hbox (badness 10000) in paragraph at lines 91--91

 []


Underfull \hbox (badness 10000) in paragraph at lines 96--102

 []


Underfull \hbox (badness 10000) in paragraph at lines 108--109

 []




Package fancyhdr Warning: \headheight is too small (12.0pt): 
(fancyhdr)                Make it at least 13.59999pt, for example:
(fancyhdr)                \setlength{\headheight}{13.59999pt}.
(fancyhdr)                You might also make \topmargin smaller:
(fancyhdr)                \addtolength{\topmargin}{-1.59999pt}.

[30 <./pics/wave_example_6_hvcut.pdf>])


Package fancyhdr Warning: \headheight is too small (12.0pt): 
(fancyhdr)                Make it at least 13.59999pt, for example:
(fancyhdr)                \setlength{\headheight}{13.59999pt}.
(fancyhdr)                You might also make \topmargin smaller:
(fancyhdr)                \addtolength{\topmargin}{-1.59999pt}.

[31]
\openout2 = `ex7.aux'.

 (./ex7.tex
<pics/wave_example_7_single_id.pdf, id=682, 662.20078pt x 480.685pt>
File: pics/wave_example_7_single_id.pdf Graphic file (type pdf)
<use pics/wave_example_7_single_id.pdf>
Package pdftex.def Info: pics/wave_example_7_single_id.pdf  used on input line 
22.
(pdftex.def)             Requested size: 364.19664pt x 264.37022pt.

Underfull \hbox (badness 10000) in paragraph at lines 28--36

 []


Underfull \hbox (badness 10000) in paragraph at lines 40--40

 []


Underfull \vbox (badness 7081) has occurred while \output is active []




Package fancyhdr Warning: \headheight is too small (12.0pt): 
(fancyhdr)                Make it at least 13.59999pt, for example:
(fancyhdr)                \setlength{\headheight}{13.59999pt}.
(fancyhdr)                You might also make \topmargin smaller:
(fancyhdr)                \addtolength{\topmargin}{-1.59999pt}.

[32



 <./pics/wave_example_7_single_id.pdf>]
<pics/wave_example_7_long.pdf, id=758, 662.20078pt x 480.685pt>
File: pics/wave_example_7_long.pdf Graphic file (type pdf)
<use pics/wave_example_7_long.pdf>
Package pdftex.def Info: pics/wave_example_7_long.pdf  used on input line 56.
(pdftex.def)             Requested size: 364.19664pt x 264.37022pt.
<pics/wave_example_7_ieneloss.pdf, id=760, 662.20078pt x 480.685pt>
File: pics/wave_example_7_ieneloss.pdf Graphic file (type pdf)
<use pics/wave_example_7_ieneloss.pdf>
Package pdftex.def Info: pics/wave_example_7_ieneloss.pdf  used on input line 7
5.
(pdftex.def)             Requested size: 364.19664pt x 264.37022pt.

Underfull \vbox (badness 10000) has occurred while \output is active []




Package fancyhdr Warning: \headheight is too small (12.0pt): 
(fancyhdr)                Make it at least 13.59999pt, for example:
(fancyhdr)                \setlength{\headheight}{13.59999pt}.
(fancyhdr)                You might also make \topmargin smaller:
(fancyhdr)                \addtolength{\topmargin}{-1.59999pt}.

[33 <./pics/wave_example_7_long.pdf>]
<pics/wave_example_7_taper.pdf, id=835, 662.20078pt x 480.685pt>
File: pics/wave_example_7_taper.pdf Graphic file (type pdf)
<use pics/wave_example_7_taper.pdf>
Package pdftex.def Info: pics/wave_example_7_taper.pdf  used on input line 126.

(pdftex.def)             Requested size: 364.19664pt x 264.37022pt.
)


Package fancyhdr Warning: \headheight is too small (12.0pt): 
(fancyhdr)                Make it at least 13.59999pt, for example:
(fancyhdr)                \setlength{\headheight}{13.59999pt}.
(fancyhdr)                You might also make \topmargin smaller:
(fancyhdr)                \addtolength{\topmargin}{-1.59999pt}.

[34 <./pics/wave_example_7_ieneloss.pdf>]


Package fancyhdr Warning: \headheight is too small (12.0pt): 
(fancyhdr)                Make it at least 13.59999pt, for example:
(fancyhdr)                \setlength{\headheight}{13.59999pt}.
(fancyhdr)                You might also make \topmargin smaller:
(fancyhdr)                \addtolength{\topmargin}{-1.59999pt}.

[35 <./pics/wave_example_7_taper.pdf>]
\openout2 = `ex8.aux'.

 (./ex8.tex
<pics/wave_example_8_no-errors.pdf, id=981, 657.94153pt x 465.13287pt>
File: pics/wave_example_8_no-errors.pdf Graphic file (type pdf)
<use pics/wave_example_8_no-errors.pdf>
Package pdftex.def Info: pics/wave_example_8_no-errors.pdf  used on input line 
24.
(pdftex.def)             Requested size: 364.19664pt x 257.46335pt.

Underfull \hbox (badness 10000) in paragraph at lines 29--32

 []


Underfull \hbox (badness 10000) in paragraph at lines 39--41

 []

<pics/wave_example_8_errors.pdf, id=983, 657.94153pt x 480.685pt>
File: pics/wave_example_8_errors.pdf Graphic file (type pdf)
<use pics/wave_example_8_errors.pdf>
Package pdftex.def Info: pics/wave_example_8_errors.pdf  used on input line 45.

(pdftex.def)             Requested size: 364.19664pt x 266.07187pt.

Underfull \vbox (badness 6477) has occurred while \output is active []




Package fancyhdr Warning: \headheight is too small (12.0pt): 
(fancyhdr)                Make it at least 13.59999pt, for example:
(fancyhdr)                \setlength{\headheight}{13.59999pt}.
(fancyhdr)                You might also make \topmargin smaller:
(fancyhdr)                \addtolength{\topmargin}{-1.59999pt}.

[36



 <./pics/wave_example_8_no-errors.pdf>]
Underfull \hbox (badness 10000) in paragraph at lines 55--59

 []


Underfull \hbox (badness 10000) in paragraph at lines 60--60

 []

<pics/wave_example_8_fd_obs.pdf, id=1051, 657.94153pt x 482.78783pt>
File: pics/wave_example_8_fd_obs.pdf Graphic file (type pdf)
<use pics/wave_example_8_fd_obs.pdf>
Package pdftex.def Info: pics/wave_example_8_fd_obs.pdf  used on input line 65.

(pdftex.def)             Requested size: 364.19664pt x 267.23584pt.

Underfull \hbox (badness 10000) in paragraph at lines 70--75

 []


Underfull \hbox (badness 10000) in paragraph at lines 80--80

 []




Package fancyhdr Warning: \headheight is too small (12.0pt): 
(fancyhdr)                Make it at least 13.59999pt, for example:
(fancyhdr)                \setlength{\headheight}{13.59999pt}.
(fancyhdr)                You might also make \topmargin smaller:
(fancyhdr)                \addtolength{\topmargin}{-1.59999pt}.

[37 <./pics/wave_example_8_errors.pdf>]
<pics/wave_example_8_lim_errors.pdf, id=1127, 658.4048pt x 480.685pt>
File: pics/wave_example_8_lim_errors.pdf Graphic file (type pdf)
<use pics/wave_example_8_lim_errors.pdf>
Package pdftex.def Info: pics/wave_example_8_lim_errors.pdf  used on input line
 113.
(pdftex.def)             Requested size: 318.66946pt x 232.66252pt.

Underfull \hbox (badness 10000) in paragraph at lines 128--130

 []


Underfull \vbox (badness 10000) has occurred while \output is active []




Package fancyhdr Warning: \headheight is too small (12.0pt): 
(fancyhdr)                Make it at least 13.59999pt, for example:
(fancyhdr)                \setlength{\headheight}{13.59999pt}.
(fancyhdr)                You might also make \topmargin smaller:
(fancyhdr)                \addtolength{\topmargin}{-1.59999pt}.

[38 <./pics/wave_example_8_fd_obs.pdf>])
Underfull \hbox (badness 10000) in paragraph at lines 131--129

 []




Package fancyhdr Warning: \headheight is too small (12.0pt): 
(fancyhdr)                Make it at least 13.59999pt, for example:
(fancyhdr)                \setlength{\headheight}{13.59999pt}.
(fancyhdr)                You might also make \topmargin smaller:
(fancyhdr)                \addtolength{\topmargin}{-1.59999pt}.

[39 <./pics/wave_example_8_lim_errors.pdf>]
\openout2 = `ex9.aux'.

 (./ex9.tex
<pics/wave_example_9_fig1.pdf, id=1267, 832.5504pt x 435.0654pt>
File: pics/wave_example_9_fig1.pdf Graphic file (type pdf)
<use pics/wave_example_9_fig1.pdf>
Package pdftex.def Info: pics/wave_example_9_fig1.pdf  used on input line 33.
(pdftex.def)             Requested size: 455.24408pt x 237.89923pt.

Underfull \hbox (badness 10000) in paragraph at lines 43--45

 []


Underfull \hbox (badness 10000) in paragraph at lines 49--49

 []




Package fancyhdr Warning: \headheight is too small (12.0pt): 
(fancyhdr)                Make it at least 13.59999pt, for example:
(fancyhdr)                \setlength{\headheight}{13.59999pt}.
(fancyhdr)                You might also make \topmargin smaller:
(fancyhdr)                \addtolength{\topmargin}{-1.59999pt}.

[40



 <./pics/wave_example_9_fig1.pdf>]
Underfull \hbox (badness 10000) in paragraph at lines 56--59

 []


Underfull \hbox (badness 10000) in paragraph at lines 62--62

 []


Underfull \hbox (badness 10000) in paragraph at lines 64--67

 []


Underfull \hbox (badness 10000) in paragraph at lines 73--73

 []


Underfull \hbox (badness 10000) in paragraph at lines 89--92

 []

<pics/wave_example_9_fig2.pdf, id=1345, 660.39404pt x 480.685pt>
File: pics/wave_example_9_fig2.pdf Graphic file (type pdf)
<use pics/wave_example_9_fig2.pdf>
Package pdftex.def Info: pics/wave_example_9_fig2.pdf  used on input line 97.
(pdftex.def)             Requested size: 409.71689pt x 298.22699pt.

Underfull \hbox (badness 10000) in paragraph at lines 109--110

 []


Underfull \vbox (badness 10000) has occurred while \output is active []




Package fancyhdr Warning: \headheight is too small (12.0pt): 
(fancyhdr)                Make it at least 13.59999pt, for example:
(fancyhdr)                \setlength{\headheight}{13.59999pt}.
(fancyhdr)                You might also make \topmargin smaller:
(fancyhdr)                \addtolength{\topmargin}{-1.59999pt}.

[41]
<pics/wave_example_9_fig3.pdf, id=1352, 691.0211pt x 480.685pt>
File: pics/wave_example_9_fig3.pdf Graphic file (type pdf)
<use pics/wave_example_9_fig3.pdf>
Package pdftex.def Info: pics/wave_example_9_fig3.pdf  used on input line 133.
(pdftex.def)             Requested size: 409.71689pt x 285.00993pt.

Underfull \vbox (badness 10000) has occurred while \output is active []




Package fancyhdr Warning: \headheight is too small (12.0pt): 
(fancyhdr)                Make it at least 13.59999pt, for example:
(fancyhdr)                \setlength{\headheight}{13.59999pt}.
(fancyhdr)                You might also make \topmargin smaller:
(fancyhdr)                \addtolength{\topmargin}{-1.59999pt}.

[42 <./pics/wave_example_9_fig2.pdf>])


Package fancyhdr Warning: \headheight is too small (12.0pt): 
(fancyhdr)                Make it at least 13.59999pt, for example:
(fancyhdr)                \setlength{\headheight}{13.59999pt}.
(fancyhdr)                You might also make \topmargin smaller:
(fancyhdr)                \addtolength{\topmargin}{-1.59999pt}.

[43 <./pics/wave_example_9_fig3.pdf>]
\openout2 = `ex10.aux'.

 (./ex10.tex
LaTeX Font Info:    External font `lmex10' loaded for size
(Font)              <10> on input line 15.
LaTeX Font Info:    External font `lmex10' loaded for size
(Font)              <7> on input line 15.

Underfull \hbox (badness 10000) in paragraph at lines 32--35

 []

)


Package fancyhdr Warning: \headheight is too small (12.0pt): 
(fancyhdr)                Make it at least 13.59999pt, for example:
(fancyhdr)                \setlength{\headheight}{13.59999pt}.
(fancyhdr)                You might also make \topmargin smaller:
(fancyhdr)                \addtolength{\topmargin}{-1.59999pt}.

[44



]
\openout2 = `ex11.aux'.

 (./ex11.tex
Underfull \hbox (badness 10000) in paragraph at lines 31--32

 []

<pics/wave_example_11_1.pdf, id=1527, 803.0pt x 803.0pt>
File: pics/wave_example_11_1.pdf Graphic file (type pdf)
<use pics/wave_example_11_1.pdf>
Package pdftex.def Info: pics/wave_example_11_1.pdf  used on input line 46.
(pdftex.def)             Requested size: 295.90587pt x 295.90457pt.

Underfull \vbox (badness 10000) has occurred while \output is active []




Package fancyhdr Warning: \headheight is too small (12.0pt): 
(fancyhdr)                Make it at least 13.59999pt, for example:
(fancyhdr)                \setlength{\headheight}{13.59999pt}.
(fancyhdr)                You might also make \topmargin smaller:
(fancyhdr)                \addtolength{\topmargin}{-1.59999pt}.

[45



]
Underfull \hbox (badness 10000) in paragraph at lines 92--98

 []


Underfull \hbox (badness 10000) in paragraph at lines 111--113

 []




Package fancyhdr Warning: \headheight is too small (12.0pt): 
(fancyhdr)                Make it at least 13.59999pt, for example:
(fancyhdr)                \setlength{\headheight}{13.59999pt}.
(fancyhdr)                You might also make \topmargin smaller:
(fancyhdr)                \addtolength{\topmargin}{-1.59999pt}.

[46 <./pics/wave_example_11_1.pdf>]
Underfull \hbox (badness 10000) in paragraph at lines 121--122

 []

<pics/wave_example_11_fig1.pdf, id=1550, 747.09834pt x 433.99883pt>
File: pics/wave_example_11_fig1.pdf Graphic file (type pdf)
<use pics/wave_example_11_fig1.pdf>
Package pdftex.def Info: pics/wave_example_11_fig1.pdf  used on input line 141.

(pdftex.def)             Requested size: 295.90587pt x 171.89452pt.
)


Package fancyhdr Warning: \headheight is too small (12.0pt): 
(fancyhdr)                Make it at least 13.59999pt, for example:
(fancyhdr)                \setlength{\headheight}{13.59999pt}.
(fancyhdr)                You might also make \topmargin smaller:
(fancyhdr)                \addtolength{\topmargin}{-1.59999pt}.

[47 <./pics/wave_example_11_fig1.pdf>]
\openout2 = `ex12.aux'.

 (./ex12.tex
Underfull \hbox (badness 10000) in paragraph at lines 16--17

 []


Underfull \hbox (badness 10000) in paragraph at lines 25--26

 []

<pics/wave_example_12a_fig1.pdf, id=1602, 450.9648pt x 338.22359pt>
File: pics/wave_example_12a_fig1.pdf Graphic file (type pdf)
<use pics/wave_example_12a_fig1.pdf>
Package pdftex.def Info: pics/wave_example_12a_fig1.pdf  used on input line 44.

(pdftex.def)             Requested size: 295.90587pt x 221.93803pt.



Package fancyhdr Warning: \headheight is too small (12.0pt): 
(fancyhdr)                Make it at least 13.59999pt, for example:
(fancyhdr)                \setlength{\headheight}{13.59999pt}.
(fancyhdr)                You might also make \topmargin smaller:
(fancyhdr)                \addtolength{\topmargin}{-1.59999pt}.

[48



]
Underfull \hbox (badness 10000) in paragraph at lines 78--79

 []


Underfull \hbox (badness 10000) in paragraph at lines 96--97

 []




Package fancyhdr Warning: \headheight is too small (12.0pt): 
(fancyhdr)                Make it at least 13.59999pt, for example:
(fancyhdr)                \setlength{\headheight}{13.59999pt}.
(fancyhdr)                You might also make \topmargin smaller:
(fancyhdr)                \addtolength{\topmargin}{-1.59999pt}.

[49 <./pics/wave_example_12a_fig1.pdf>]
Underfull \hbox (badness 10000) in paragraph at lines 123--124

 []


Underfull \hbox (badness 10000) in paragraph at lines 153--154

 []




Package fancyhdr Warning: \headheight is too small (12.0pt): 
(fancyhdr)                Make it at least 13.59999pt, for example:
(fancyhdr)                \setlength{\headheight}{13.59999pt}.
(fancyhdr)                You might also make \topmargin smaller:
(fancyhdr)                \addtolength{\topmargin}{-1.59999pt}.

[50]
Underfull \hbox (badness 10000) in paragraph at lines 181--181
\OT1/lmss/bx/sl/10 ndump(''n501'',''zi*1000:yi*1000:zpf*1000:ypf*1000'','''',''
wave[]example[]12c[]kick-
 []


Underfull \hbox (badness 10000) in paragraph at lines 181--182

 []

)


Package fancyhdr Warning: \headheight is too small (12.0pt): 
(fancyhdr)                Make it at least 13.59999pt, for example:
(fancyhdr)                \setlength{\headheight}{13.59999pt}.
(fancyhdr)                You might also make \topmargin smaller:
(fancyhdr)                \addtolength{\topmargin}{-1.59999pt}.

[51]
\openout2 = `ex13.aux'.

 (./ex13.tex)


Package fancyhdr Warning: \headheight is too small (12.0pt): 
(fancyhdr)                Make it at least 13.59999pt, for example:
(fancyhdr)                \setlength{\headheight}{13.59999pt}.
(fancyhdr)                You might also make \topmargin smaller:
(fancyhdr)                \addtolength{\topmargin}{-1.59999pt}.

[52



]
\openout2 = `bibliography.aux'.

 (./bibliography.tex
LaTeX Font Info:    Trying to load font information for OT1+lmtt on input line 
8.
 (/usr/share/texmf/tex/latex/lm/ot1lmtt.fd
File: ot1lmtt.fd 2015/05/01 v1.6.1 Font defs for Latin Modern
))


Package fancyhdr Warning: \headheight is too small (12.0pt): 
(fancyhdr)                Make it at least 13.59999pt, for example:
(fancyhdr)                \setlength{\headheight}{13.59999pt}.
(fancyhdr)                You might also make \topmargin smaller:
(fancyhdr)                \addtolength{\topmargin}{-1.59999pt}.

[53



{/usr/share/texmf/fonts/enc/dvips/lm/lm-rmtt.enc}] (./wave_by_examples.aux
(./hyphenation.aux) (./abbrevs.aux) (./introduction.aux) (./getting_started.aux
) (./ex1.aux) (./ex2.aux) (./ex3.aux) (./ex4.aux) (./ex5.aux) (./ex6.aux)
(./ex7.aux) (./ex8.aux) (./ex9.aux) (./ex10.aux) (./ex11.aux) (./ex12.aux)
(./ex13.aux) (./bibliography.aux))
 ***********
LaTeX2e <2024-11-01> patch level 2
L3 programming layer <2025-01-18>
 ***********


LaTeX Warning: There were multiply-defined labels.

Package rerunfilecheck Info: File `wave_by_examples.out' has not changed.
(rerunfilecheck)             Checksum: 1CED3176E9301200A3AB16083CB9867B;4927.
 ) 
Here is how much of TeX's memory you used:
 13024 strings out of 475102
 204945 string characters out of 5764876
 595768 words of memory out of 5000000
 35554 multiletter control sequences out of 15000+600000
 651973 words of font info for 112 fonts, out of 8000000 for 9000
 62 hyphenation exceptions out of 8191
 75i,12n,86p,452b,596s stack positions out of 10000i,1000n,20000p,200000b,200000s
</usr/share/texmf/fonts/type1/public/lm/lmmi10.pfb></usr/share/texmf/fonts/ty
pe1/public/lm/lmmi8.pfb></usr/share/texmf/fonts/type1/public/lm/lmmi9.pfb></usr
/share/texmf/fonts/type1/public/lm/lmr10.pfb></usr/share/texmf/fonts/type1/publ
ic/lm/lmr8.pfb></usr/share/texmf/fonts/type1/public/lm/lmr9.pfb></usr/share/tex
mf/fonts/type1/public/lm/lmss10.pfb></usr/share/texmf/fonts/type1/public/lm/lms
s8.pfb></usr/share/texmf/fonts/type1/public/lm/lmss9.pfb></usr/share/texmf/font
s/type1/public/lm/lmssbo10.pfb></usr/share/texmf/fonts/type1/public/lm/lmssbx10
.pfb></usr/share/texmf/fonts/type1/public/lm/lmsso10.pfb></usr/share/texmf/font
s/type1/public/lm/lmsso9.pfb></usr/share/texmf/fonts/type1/public/lm/lmsy10.pfb
></usr/share/texmf/fonts/type1/public/lm/lmsy8.pfb></usr/share/texmf/fonts/type
1/public/lm/lmtt10.pfb>
Output written on wave_by_examples.pdf (54 pages, 4043675 bytes).
PDF statistics:
 1802 PDF objects out of 2073 (max. 8388607)
 641 compressed objects within 7 object streams
 118 named destinations out of 1000 (max. 500000)
 375 words of extra memory for PDF output out of 10000 (max. 10000000)

